  ○ BACKLOG (1)                    ◌ TODO (1)                       ◑ IN_PROGRESS (2)             
━━━━━━━━━━━━━━━━━━━━━━━━━━━━━━━━ ━━━━━━━━━━━━━━━━━━━━━━━━━━━━━━━━ ━━━━━━━━━━━━━━━━━━━━━━━━━━━━━━━━
╭────────────────────────────╮   ╭────────────────────────────╮   ╭────────────────────────────╮  
│ #3                         │   │ #2                         │   │ #1 !                       │  
│ Add dark mode support      │   │ Fix dashboard loading      │   │ Implement user             │  
│                            │   │ performance                │   │ authentication             │  
│ frontend  design           │   │ performance  frontend      │   │ backend  security          │  
│ Created Feb 10 09:00       │   │ Created Feb 1 12:00        │   │ Created Jan 15 10:00       │  
╰────────────────────────────╯   ╰────────────────────────────╯   ╰────────────────────────────╯  
                                                                    +1 more                       