 ID   │ Title                 Status         Priority▼  Created     Updated     Labels           Sou
━━━━━━│━━━━━━━━━━━━━━━━━━━━━━━━━━━━━━━━━━━━━━━━━━━━━━━━━━━━━━━━━━━━━━━━━━━━━━━━━━━━━━━━━━━━━━━━━━━━━
      │                                                                                             
      │                                                                                             
      │                                                                                             
      │                                                                                             
      │                                                                                             
      │                                                                                             
      │                                                                                             
      │                                                                                             
      │                                                                                             
      │                                                                                             
      │                                                                                             
      │                                                                                             
      │                                                                                             
      │                                                                                             
      │                                                                                             
      │                                                                                             
      │                                                                                             
      │                                                                                             
      │                                                                                             
      │                                                                                             
      │                                                                                             
      │                                                                                             
      │                                                                                             
      │                                                                                             
      │                                                                                             
      │                                                                                             