 ID   │ Title                 Status         Priority▼  Created     Up
━━━━━━│━━━━━━━━━━━━━━━━━━━━━━━━━━━━━━━━━━━━━━━━━━━━━━━━━━━━━━━━━━━━━━━
 1    │ Implement user auth…  ◑ in_progress   ! high    Jan 15 '25  Ma
 2    │ Fix dashboard loadi…  ◌ todo         !! urgent  Feb 01 '25  Fe
 3    │ Add dark mode suppo…  ○ backlog       · medium  Feb 10 '25  — 
 4    │ Write API documenta…  ● done            low     Mar 01 '25  Ma
 5    │ Implement login end…  ● done          ! high    Mar 05 '25  Ma
 6    │ Implement token ref…  ◑ in_progress   ! high    Mar 05 '25  Ma
 7    │ Remove deprecated v…  × cancelled       low     Jan 15 '25  — 
      │                                                               
      │                                                               
      │                                                               
      │                                                               
      │                                                               
      │                                                               
      │                                                               
      │                                                               
      │                                                               