 #3                                                                                                 
 Add dark mode support                                                                              
                                                                                                    
 ╭──────────────────────────────────────────────────────────────────────────────────────────────╮   
 │  ○ backlog   · medium                                                                        │   
 │  frontend   design                                                                           │   
 │ Created 2025-02-10 09:00                                                                     │   
 ╰──────────────────────────────────────────────────────────────────────────────────────────────╯   
                                                                                                    
 Blocks ━━                                                                                          
                                                                                                    
  ◑  #6  Implement token refresh                                                                    
                                                                                                    
                                                                                                    
                                                                                                    
                                                                                                    
                                                                                                    
                                                                                                    
                                                                                                    
                                                                                                    
                                                                                                    
                                                                                                    
                                                                                                    
                                                                                                    
                                                                                                    
                                                                                                    
                                                                                                    
                                                                                                    
                                                                                                    
                                                                                                    