 #1                                                         
 Implement user authentication                              
                                                            
 ╭──────────────────────────────────────────────────────╮   
 │  ◑ in_progress   ! high                              │   
 │  backend   security                                  │   
 │ Created 2025-01-15 10:00  ·  Updated 2025-03-01      │   
 │ 14:00                                                │   
 ╰──────────────────────────────────────────────────────╯   
                                                            
 Description ━━                                             
                                                            
                                                            
  Add JWT-based authentication with refresh tokens.         
                                                            
  ## Requirements                                           
                                                            
  • Login endpoint                                          
  • Token refresh                                           
  • Logout                                                  
 Sub-issues ━━                                              
                                                            
  ● done  #5  Implement login endpoint   backend            
  ◑ in_progress  #6  Implement token refresh   backend      
                                                            
 Comments (2) ━━                                            
                                                            
 ╭────────────────────────────────────────────────────╮     
 │ 2025-02-01T12:00                                   │     
 │                                                    │     
 │   Investigating OAuth2 vs JWT. JWT is simpler      │     
 │   for this use case.                               │     
 ╰────────────────────────────────────────────────────╯     
                                                            
 ╭────────────────────────────────────────────────────╮     
 │ 2025-02-02T09:30                                   │     
 │                                                    │     
 │   Started with JWT implementation. Login           │     
 │   endpoint scaffolded.                             │     
 ╰────────────────────────────────────────────────────╯     